0 verbose cli C:\Program Files\nodejs\node.exe C:\Program Files\nodejs\node_modules\npm\bin\npm-cli.js
1 info using npm@11.9.0
2 info using node@v24.14.0
3 silly config load:file:C:\Program Files\nodejs\node_modules\npm\npmrc
4 silly config load:file:C:\Users\Usuário\Downloads\app-pai\Trabalho-rota\.npmrc
5 silly config load:file:C:\Users\Usuário\.npmrc
6 silly config load:file:C:\Users\Usuário\AppData\Roaming\npm\etc\npmrc
7 verbose title npm i @expo/vector-icons
8 verbose argv "i" "@expo/vector-icons" "--cache" ".npm-cache"
9 verbose logfile logs-max:10 dir:C:\Users\Usuário\Downloads\app-pai\Trabalho-rota\.npm-cache\_logs\2026-04-21T16_25_45_997Z-
10 verbose logfile C:\Users\Usuário\Downloads\app-pai\Trabalho-rota\.npm-cache\_logs\2026-04-21T16_25_45_997Z-debug-0.log
11 silly logfile done cleaning log files
12 silly packumentCache heap:4496293888 maxSize:1124073472 maxEntrySize:562036736
13 silly idealTree buildDeps
14 silly fetch manifest @expo/vector-icons@*
15 silly packumentCache full:https://registry.npmjs.org/@expo%2fvector-icons cache-miss
16 http fetch GET 200 https://registry.npmjs.org/npm 897ms
17 http fetch GET 200 https://registry.npmjs.org/@expo%2fvector-icons 590ms (cache miss)
18 silly packumentCache full:https://registry.npmjs.org/@expo%2fvector-icons set size:undefined disposed:false
19 silly fetch manifest expo-font@>=14.0.4
20 silly packumentCache full:https://registry.npmjs.org/expo-font cache-miss
21 http fetch GET 200 https://registry.npmjs.org/expo-font 105ms (cache miss)
22 silly packumentCache full:https://registry.npmjs.org/expo-font set size:undefined disposed:false
23 silly fetch manifest expo@~55.0.14
24 silly packumentCache full:https://registry.npmjs.org/expo cache-miss
25 http fetch GET 200 https://registry.npmjs.org/expo 328ms (cache miss)
26 silly packumentCache full:https://registry.npmjs.org/expo set size:undefined disposed:false
27 silly fetch manifest @expo/dom-webview@*
28 silly packumentCache full:https://registry.npmjs.org/@expo%2fdom-webview cache-miss
29 http fetch GET 200 https://registry.npmjs.org/@expo%2fdom-webview 109ms (cache miss)
30 silly packumentCache full:https://registry.npmjs.org/@expo%2fdom-webview set size:undefined disposed:false
31 silly fetch manifest react@19.2.0
32 silly packumentCache full:https://registry.npmjs.org/react cache-miss
33 http fetch GET 200 https://registry.npmjs.org/react 278ms (cache miss)
34 silly packumentCache full:https://registry.npmjs.org/react set size:undefined disposed:false
35 silly fetch manifest react-native@0.83.4
36 silly packumentCache full:https://registry.npmjs.org/react-native cache-miss
37 http fetch GET 200 https://registry.npmjs.org/react-native 260ms (cache miss)
38 silly packumentCache full:https://registry.npmjs.org/react-native set size:undefined disposed:false
39 silly fetch manifest @types/react@~19.2.10
40 silly packumentCache full:https://registry.npmjs.org/@types%2freact cache-miss
41 http fetch GET 200 https://registry.npmjs.org/@types%2freact 144ms (cache miss)
42 silly packumentCache full:https://registry.npmjs.org/@types%2freact set size:undefined disposed:false
43 silly fetch manifest @expo/metro-runtime@*
44 silly packumentCache full:https://registry.npmjs.org/@expo%2fmetro-runtime cache-miss
45 http fetch GET 200 https://registry.npmjs.org/@expo%2fmetro-runtime 116ms (cache miss)
46 silly packumentCache full:https://registry.npmjs.org/@expo%2fmetro-runtime set size:undefined disposed:false
47 silly fetch manifest react-dom@*
48 silly packumentCache full:https://registry.npmjs.org/react-dom cache-miss
49 http fetch GET 200 https://registry.npmjs.org/react-dom 183ms (cache miss)
50 silly packumentCache full:https://registry.npmjs.org/react-dom set size:undefined disposed:false
51 silly fetch manifest react@^19.2.5
52 silly packumentCache full:https://registry.npmjs.org/react cache-miss
53 http cache https://registry.npmjs.org/react 35ms (cache hit)
54 silly packumentCache full:https://registry.npmjs.org/react set size:6613874 disposed:false
55 silly fetch manifest react-native-webview@*
56 silly packumentCache full:https://registry.npmjs.org/react-native-webview cache-miss
57 http fetch GET 200 https://registry.npmjs.org/react-native-webview 107ms (cache miss)
58 silly packumentCache full:https://registry.npmjs.org/react-native-webview set size:undefined disposed:false
59 silly placeDep ROOT @expo/vector-icons@15.1.1 OK for: driver-gains-app@1.0.0 want: *
60 silly placeDep ROOT expo-font@55.0.6 OK for: @expo/vector-icons@15.1.1 want: >=14.0.4
61 silly fetch manifest react-native-worklets@^0.7.4 || ^0.8.0
62 silly packumentCache full:https://registry.npmjs.org/react-native-worklets cache-miss
63 http fetch GET 200 https://registry.npmjs.org/react-native-worklets 303ms (cache miss)
64 silly packumentCache full:https://registry.npmjs.org/react-native-worklets set size:undefined disposed:false
65 silly fetch manifest @babel/core@*
66 silly packumentCache full:https://registry.npmjs.org/@babel%2fcore cache-miss
67 http fetch GET 200 https://registry.npmjs.org/@babel%2fcore 108ms (cache miss)
68 silly packumentCache full:https://registry.npmjs.org/@babel%2fcore set size:undefined disposed:false
69 silly fetch manifest @react-native/metro-config@*
70 silly packumentCache full:https://registry.npmjs.org/@react-native%2fmetro-config cache-miss
71 http fetch GET 200 https://registry.npmjs.org/@react-native%2fmetro-config 134ms (cache miss)
72 silly packumentCache full:https://registry.npmjs.org/@react-native%2fmetro-config set size:undefined disposed:false
73 silly fetch manifest react@*
74 silly packumentCache full:https://registry.npmjs.org/react cache-miss
75 http cache https://registry.npmjs.org/react 30ms (cache hit)
76 silly packumentCache full:https://registry.npmjs.org/react set size:6613874 disposed:false
77 silly fetch manifest react-native@*
78 silly packumentCache full:https://registry.npmjs.org/react-native cache-miss
79 http cache https://registry.npmjs.org/react-native 36ms (cache hit)
80 silly packumentCache full:https://registry.npmjs.org/react-native set size:15154347 disposed:false
81 silly fetch manifest @react-native/jest-preset@0.85.2
82 silly packumentCache full:https://registry.npmjs.org/@react-native%2fjest-preset cache-miss
83 http fetch GET 200 https://registry.npmjs.org/@react-native%2fjest-preset 119ms (cache miss)
84 silly packumentCache full:https://registry.npmjs.org/@react-native%2fjest-preset set size:undefined disposed:false
85 silly fetch manifest @types/react@^19.1.1
86 silly packumentCache full:https://registry.npmjs.org/@types%2freact cache-miss
87 http cache https://registry.npmjs.org/@types%2freact 22ms (cache hit)
88 silly packumentCache full:https://registry.npmjs.org/@types%2freact set size:2588964 disposed:false
89 silly placeDep node_modules/expo react-native-worklets@0.8.1 OK for: expo-modules-core@55.0.22 want: ^0.7.4 || ^0.8.0
90 silly placeDep ROOT @react-native/metro-config@0.85.2 OK for: react-native-worklets@0.8.1 want: *
91 silly fetch manifest metro-config@^0.84.0
92 silly packumentCache full:https://registry.npmjs.org/metro-config cache-miss
93 silly fetch manifest metro-runtime@^0.84.0
94 silly packumentCache full:https://registry.npmjs.org/metro-runtime cache-miss
95 silly fetch manifest @react-native/js-polyfills@0.85.2
96 silly packumentCache full:https://registry.npmjs.org/@react-native%2fjs-polyfills cache-miss
97 silly fetch manifest @react-native/metro-babel-transformer@0.85.2
98 silly packumentCache full:https://registry.npmjs.org/@react-native%2fmetro-babel-transformer cache-miss
99 http fetch GET 200 https://registry.npmjs.org/metro-runtime 92ms (cache miss)
100 silly packumentCache full:https://registry.npmjs.org/metro-runtime set size:undefined disposed:false
101 http fetch GET 200 https://registry.npmjs.org/metro-config 108ms (cache miss)
102 silly packumentCache full:https://registry.npmjs.org/metro-config set size:undefined disposed:false
103 http fetch GET 200 https://registry.npmjs.org/@react-native%2fjs-polyfills 501ms (cache miss)
104 silly packumentCache full:https://registry.npmjs.org/@react-native%2fjs-polyfills set size:undefined disposed:false
105 http fetch GET 200 https://registry.npmjs.org/@react-native%2fmetro-babel-transformer 516ms (cache miss)
106 silly packumentCache full:https://registry.npmjs.org/@react-native%2fmetro-babel-transformer set size:undefined disposed:false
107 silly placeDep ROOT @react-native/js-polyfills@0.85.2 OK for: @react-native/metro-config@0.85.2 want: 0.85.2
108 silly placeDep ROOT @react-native/metro-babel-transformer@0.85.2 OK for: @react-native/metro-config@0.85.2 want: 0.85.2
109 silly placeDep node_modules/@react-native/metro-config metro-config@0.84.3 OK for: @react-native/metro-config@0.85.2 want: ^0.84.0
110 silly placeDep node_modules/@react-native/metro-config metro-runtime@0.84.3 OK for: @react-native/metro-config@0.85.2 want: ^0.84.0
111 silly fetch manifest @react-native/babel-preset@0.85.2
112 silly packumentCache full:https://registry.npmjs.org/@react-native%2fbabel-preset cache-miss
113 silly fetch manifest yaml@^2.6.1
114 silly packumentCache full:https://registry.npmjs.org/yaml cache-miss
115 silly fetch manifest metro@0.84.3
116 silly packumentCache full:https://registry.npmjs.org/metro cache-miss
117 silly fetch manifest metro-core@0.84.3
118 silly packumentCache full:https://registry.npmjs.org/metro-core cache-miss
119 silly fetch manifest metro-cache@0.84.3
120 silly packumentCache full:https://registry.npmjs.org/metro-cache cache-miss
121 silly fetch manifest metro-runtime@0.84.3
122 silly packumentCache full:https://registry.npmjs.org/metro-runtime cache-miss
123 http cache https://registry.npmjs.org/metro-runtime 20ms (cache hit)
124 silly packumentCache full:https://registry.npmjs.org/metro-runtime set size:212197 disposed:false
125 http fetch GET 200 https://registry.npmjs.org/yaml 109ms (cache miss)
126 silly packumentCache full:https://registry.npmjs.org/yaml set size:undefined disposed:false
127 http fetch GET 200 https://registry.npmjs.org/metro-core 118ms (cache miss)
128 silly packumentCache full:https://registry.npmjs.org/metro-core set size:undefined disposed:false
129 http fetch GET 200 https://registry.npmjs.org/metro 122ms (cache miss)
130 silly packumentCache full:https://registry.npmjs.org/metro set size:undefined disposed:false
131 http fetch GET 200 https://registry.npmjs.org/@react-native%2fbabel-preset 159ms (cache miss)
132 silly packumentCache full:https://registry.npmjs.org/@react-native%2fbabel-preset set size:undefined disposed:false
133 http fetch GET 200 https://registry.npmjs.org/metro-cache 427ms (cache miss)
134 silly packumentCache full:https://registry.npmjs.org/metro-cache set size:undefined disposed:false
135 silly placeDep ROOT @react-native/babel-preset@0.85.2 OK for: @react-native/metro-babel-transformer@0.85.2 want: 0.85.2
136 silly fetch manifest babel-plugin-syntax-hermes-parser@0.33.3
137 silly packumentCache full:https://registry.npmjs.org/babel-plugin-syntax-hermes-parser cache-miss
138 silly fetch manifest @react-native/babel-plugin-codegen@0.85.2
139 silly packumentCache full:https://registry.npmjs.org/@react-native%2fbabel-plugin-codegen cache-miss
140 http fetch GET 200 https://registry.npmjs.org/babel-plugin-syntax-hermes-parser 93ms (cache miss)
141 silly packumentCache full:https://registry.npmjs.org/babel-plugin-syntax-hermes-parser set size:undefined disposed:false
142 http fetch GET 200 https://registry.npmjs.org/@react-native%2fbabel-plugin-codegen 166ms (cache miss)
143 silly packumentCache full:https://registry.npmjs.org/@react-native%2fbabel-plugin-codegen set size:undefined disposed:false
144 silly placeDep ROOT @react-native/babel-plugin-codegen@0.85.2 OK for: @react-native/babel-preset@0.85.2 want: 0.85.2
145 silly placeDep ROOT babel-plugin-syntax-hermes-parser@0.33.3 OK for: @react-native/babel-preset@0.85.2 want: 0.33.3
146 silly fetch manifest @react-native/codegen@0.85.2
147 silly packumentCache full:https://registry.npmjs.org/@react-native%2fcodegen cache-miss
148 http fetch GET 200 https://registry.npmjs.org/@react-native%2fcodegen 162ms (cache miss)
149 silly packumentCache full:https://registry.npmjs.org/@react-native%2fcodegen set size:undefined disposed:false
150 silly placeDep ROOT @react-native/codegen@0.85.2 OK for: @react-native/babel-plugin-codegen@0.85.2 want: 0.85.2
151 silly fetch manifest tinyglobby@^0.2.15
152 silly packumentCache full:https://registry.npmjs.org/tinyglobby cache-miss
153 http fetch GET 200 https://registry.npmjs.org/tinyglobby 86ms (cache miss)
154 silly packumentCache full:https://registry.npmjs.org/tinyglobby set size:undefined disposed:false
155 silly placeDep ROOT tinyglobby@0.2.16 OK for: @react-native/codegen@0.85.2 want: ^0.2.15
156 silly fetch manifest fdir@^6.5.0
157 silly packumentCache full:https://registry.npmjs.org/fdir cache-miss
158 silly fetch manifest picomatch@^4.0.4
159 silly packumentCache full:https://registry.npmjs.org/picomatch cache-miss
160 http fetch GET 200 https://registry.npmjs.org/picomatch 106ms (cache miss)
161 silly packumentCache full:https://registry.npmjs.org/picomatch set size:undefined disposed:false
162 http fetch GET 200 https://registry.npmjs.org/fdir 114ms (cache miss)
163 silly packumentCache full:https://registry.npmjs.org/fdir set size:undefined disposed:false
164 silly placeDep node_modules/tinyglobby fdir@6.5.0 OK for: tinyglobby@0.2.16 want: ^6.5.0
165 silly placeDep node_modules/tinyglobby picomatch@4.0.4 OK for: fdir@6.5.0 want: ^3 || ^4
166 silly placeDep node_modules/@react-native/metro-config metro@0.84.3 OK for: metro-config@0.84.3 want: 0.84.3
167 silly placeDep node_modules/@react-native/metro-config metro-cache@0.84.3 OK for: metro-config@0.84.3 want: 0.84.3
168 silly placeDep node_modules/@react-native/metro-config metro-core@0.84.3 OK for: metro-config@0.84.3 want: 0.84.3
169 silly placeDep node_modules/@react-native/metro-config yaml@2.8.3 OK for: metro-config@0.84.3 want: ^2.6.1
170 silly fetch manifest hermes-parser@0.35.0
171 silly packumentCache full:https://registry.npmjs.org/hermes-parser cache-miss
172 silly fetch manifest metro-file-map@0.84.3
173 silly packumentCache full:https://registry.npmjs.org/metro-file-map cache-miss
174 silly fetch manifest metro-resolver@0.84.3
175 silly packumentCache full:https://registry.npmjs.org/metro-resolver cache-miss
176 silly fetch manifest metro-cache-key@0.84.3
177 silly packumentCache full:https://registry.npmjs.org/metro-cache-key cache-miss
178 silly fetch manifest metro-source-map@0.84.3
179 silly packumentCache full:https://registry.npmjs.org/metro-source-map cache-miss
180 silly fetch manifest metro-symbolicate@0.84.3
181 silly packumentCache full:https://registry.npmjs.org/metro-symbolicate cache-miss
182 silly fetch manifest metro-transform-worker@0.84.3
183 silly packumentCache full:https://registry.npmjs.org/metro-transform-worker cache-miss
184 http fetch GET 200 https://registry.npmjs.org/hermes-parser 117ms (cache miss)
185 silly packumentCache full:https://registry.npmjs.org/hermes-parser set size:undefined disposed:false
186 silly fetch manifest metro-babel-transformer@0.84.3
187 silly packumentCache full:https://registry.npmjs.org/metro-babel-transformer cache-miss
188 http fetch GET 200 https://registry.npmjs.org/metro-file-map 121ms (cache miss)
189 silly packumentCache full:https://registry.npmjs.org/metro-file-map set size:undefined disposed:false
190 silly fetch manifest metro-transform-plugins@0.84.3
191 silly packumentCache full:https://registry.npmjs.org/metro-transform-plugins cache-miss
192 http fetch GET 200 https://registry.npmjs.org/metro-cache-key 123ms (cache miss)
193 silly packumentCache full:https://registry.npmjs.org/metro-cache-key set size:undefined disposed:false
194 silly fetch manifest metro-resolver@0.84.3
195 silly packumentCache full:https://registry.npmjs.org/metro-resolver cache-miss
196 http fetch GET 200 https://registry.npmjs.org/metro-resolver 131ms (cache miss)
197 silly packumentCache full:https://registry.npmjs.org/metro-resolver set size:undefined disposed:false
198 http fetch GET 200 https://registry.npmjs.org/metro-source-map 144ms (cache miss)
199 silly packumentCache full:https://registry.npmjs.org/metro-source-map set size:undefined disposed:false
200 http fetch GET 200 https://registry.npmjs.org/metro-babel-transformer 94ms (cache miss)
201 silly packumentCache full:https://registry.npmjs.org/metro-babel-transformer set size:undefined disposed:false
202 http fetch GET 200 https://registry.npmjs.org/metro-transform-plugins 102ms (cache miss)
203 silly packumentCache full:https://registry.npmjs.org/metro-transform-plugins set size:undefined disposed:false
204 http fetch GET 200 https://registry.npmjs.org/metro-resolver 102ms (cache miss)
205 silly packumentCache full:https://registry.npmjs.org/metro-resolver set size:undefined disposed:false
206 http fetch GET 200 https://registry.npmjs.org/metro-transform-worker 319ms (cache miss)
207 silly packumentCache full:https://registry.npmjs.org/metro-transform-worker set size:undefined disposed:false
208 http fetch GET 200 https://registry.npmjs.org/metro-symbolicate 334ms (cache miss)
209 silly packumentCache full:https://registry.npmjs.org/metro-symbolicate set size:undefined disposed:false
210 silly placeDep node_modules/@react-native/metro-config hermes-parser@0.35.0 OK for: metro@0.84.3 want: 0.35.0
211 silly placeDep node_modules/@react-native/metro-config metro-babel-transformer@0.84.3 OK for: metro@0.84.3 want: 0.84.3
212 silly placeDep node_modules/@react-native/metro-config metro-cache-key@0.84.3 OK for: metro@0.84.3 want: 0.84.3
213 silly placeDep node_modules/@react-native/metro-config metro-file-map@0.84.3 OK for: metro@0.84.3 want: 0.84.3
214 silly placeDep node_modules/@react-native/metro-config metro-resolver@0.84.3 OK for: metro@0.84.3 want: 0.84.3
215 silly placeDep node_modules/@react-native/metro-config metro-source-map@0.84.3 OK for: metro@0.84.3 want: 0.84.3
216 silly placeDep node_modules/@react-native/metro-config metro-symbolicate@0.84.3 OK for: metro@0.84.3 want: 0.84.3
217 silly placeDep node_modules/@react-native/metro-config metro-transform-plugins@0.84.3 OK for: metro@0.84.3 want: 0.84.3
218 silly placeDep node_modules/@react-native/metro-config metro-transform-worker@0.84.3 OK for: metro@0.84.3 want: 0.84.3
219 silly fetch manifest hermes-estree@0.35.0
220 silly packumentCache full:https://registry.npmjs.org/hermes-estree cache-miss
221 silly fetch manifest ob1@0.84.3
222 silly packumentCache full:https://registry.npmjs.org/ob1 cache-miss
223 silly fetch manifest metro-minify-terser@0.84.3
224 silly packumentCache full:https://registry.npmjs.org/metro-minify-terser cache-miss
225 http fetch GET 200 https://registry.npmjs.org/metro-minify-terser 106ms (cache miss)
226 silly packumentCache full:https://registry.npmjs.org/metro-minify-terser set size:undefined disposed:false
227 http fetch GET 200 https://registry.npmjs.org/ob1 120ms (cache miss)
228 silly packumentCache full:https://registry.npmjs.org/ob1 set size:undefined disposed:false
229 http fetch GET 200 https://registry.npmjs.org/hermes-estree 185ms (cache miss)
230 silly packumentCache full:https://registry.npmjs.org/hermes-estree set size:undefined disposed:false
231 silly placeDep node_modules/@react-native/metro-config hermes-estree@0.35.0 OK for: hermes-parser@0.35.0 want: 0.35.0
232 silly placeDep node_modules/@react-native/metro-config ob1@0.84.3 OK for: metro-source-map@0.84.3 want: 0.84.3
233 silly placeDep node_modules/@react-native/metro-config metro-minify-terser@0.84.3 OK for: metro-transform-worker@0.84.3 want: 0.84.3
234 silly reify mark retired [
234 silly reify   'C:\\Users\\Usuário\\Downloads\\app-pai\\Trabalho-rota\\node_modules\\expo\\node_modules\\@expo\\vector-icons'
234 silly reify ]
235 silly reify mark retired [
235 silly reify   'C:\\Users\\Usuário\\Downloads\\app-pai\\Trabalho-rota\\node_modules\\expo\\node_modules\\expo-font'
235 silly reify ]
236 silly reify moves {
236 silly reify   'C:\\Users\\Usuário\\Downloads\\app-pai\\Trabalho-rota\\node_modules\\expo\\node_modules\\@expo\\vector-icons': 'C:\\Users\\Usuário\\Downloads\\app-pai\\Trabalho-rota\\node_modules\\expo\\node_modules\\@expo\\.vector-icons-pBXhMfrE',
236 silly reify   'C:\\Users\\Usuário\\Downloads\\app-pai\\Trabalho-rota\\node_modules\\expo\\node_modules\\expo-font': 'C:\\Users\\Usuário\\Downloads\\app-pai\\Trabalho-rota\\node_modules\\expo\\node_modules\\.expo-font-ZiOyDPUe'
236 silly reify }
237 silly audit bulk request {
237 silly audit   '@babel/code-frame': [ '7.29.0' ],
237 silly audit   '@babel/compat-data': [ '7.29.0' ],
237 silly audit   '@babel/core': [ '7.29.0' ],
237 silly audit   '@babel/generator': [ '7.29.1' ],
237 silly audit   '@babel/helper-annotate-as-pure': [ '7.27.3' ],
237 silly audit   '@babel/helper-compilation-targets': [ '7.28.6' ],
237 silly audit   '@babel/helper-create-class-features-plugin': [ '7.28.6' ],
237 silly audit   '@babel/helper-create-regexp-features-plugin': [ '7.28.5' ],
237 silly audit   '@babel/helper-define-polyfill-provider': [ '0.6.8' ],
237 silly audit   '@babel/helper-globals': [ '7.28.0' ],
237 silly audit   '@babel/helper-member-expression-to-functions': [ '7.28.5' ],
237 silly audit   '@babel/helper-module-imports': [ '7.28.6' ],
237 silly audit   '@babel/helper-module-transforms': [ '7.28.6' ],
237 silly audit   '@babel/helper-optimise-call-expression': [ '7.27.1' ],
237 silly audit   '@babel/helper-plugin-utils': [ '7.28.6' ],
237 silly audit   '@babel/helper-remap-async-to-generator': [ '7.27.1' ],
237 silly audit   '@babel/helper-replace-supers': [ '7.28.6' ],
237 silly audit   '@babel/helper-skip-transparent-expression-wrappers': [ '7.27.1' ],
237 silly audit   '@babel/helper-string-parser': [ '7.27.1' ],
237 silly audit   '@babel/helper-validator-identifier': [ '7.28.5' ],
237 silly audit   '@babel/helper-validator-option': [ '7.27.1' ],
237 silly audit   '@babel/helper-wrap-function': [ '7.28.6' ],
237 silly audit   '@babel/helpers': [ '7.29.2' ],
237 silly audit   '@babel/parser': [ '7.29.2' ],
237 silly audit   '@babel/plugin-proposal-decorators': [ '7.29.0' ],
237 silly audit   '@babel/plugin-proposal-export-default-from': [ '7.27.1' ],
237 silly audit   '@babel/plugin-syntax-async-generators': [ '7.8.4' ],
237 silly audit   '@babel/plugin-syntax-bigint': [ '7.8.3' ],
237 silly audit   '@babel/plugin-syntax-class-properties': [ '7.12.13' ],
237 silly audit   '@babel/plugin-syntax-class-static-block': [ '7.14.5' ],
237 silly audit   '@babel/plugin-syntax-decorators': [ '7.28.6' ],
237 silly audit   '@babel/plugin-syntax-dynamic-import': [ '7.8.3' ],
237 silly audit   '@babel/plugin-syntax-export-default-from': [ '7.28.6' ],
237 silly audit   '@babel/plugin-syntax-flow': [ '7.28.6' ],
237 silly audit   '@babel/plugin-syntax-import-attributes': [ '7.28.6' ],
237 silly audit   '@babel/plugin-syntax-import-meta': [ '7.10.4' ],
237 silly audit   '@babel/plugin-syntax-json-strings': [ '7.8.3' ],
237 silly audit   '@babel/plugin-syntax-jsx': [ '7.28.6' ],
237 silly audit   '@babel/plugin-syntax-logical-assignment-operators': [ '7.10.4' ],
237 silly audit   '@babel/plugin-syntax-nullish-coalescing-operator': [ '7.8.3' ],
237 silly audit   '@babel/plugin-syntax-numeric-separator': [ '7.10.4' ],
237 silly audit   '@babel/plugin-syntax-object-rest-spread': [ '7.8.3' ],
237 silly audit   '@babel/plugin-syntax-optional-catch-binding': [ '7.8.3' ],
237 silly audit   '@babel/plugin-syntax-optional-chaining': [ '7.8.3' ],
237 silly audit   '@babel/plugin-syntax-private-property-in-object': [ '7.14.5' ],
237 silly audit   '@babel/plugin-syntax-top-level-await': [ '7.14.5' ],
237 silly audit   '@babel/plugin-syntax-typescript': [ '7.28.6' ],
237 silly audit   '@babel/plugin-transform-arrow-functions': [ '7.27.1' ],
237 silly audit   '@babel/plugin-transform-async-generator-functions': [ '7.29.0' ],
237 silly audit   '@babel/plugin-transform-async-to-generator': [ '7.28.6' ],
237 silly audit   '@babel/plugin-transform-block-scoping': [ '7.28.6' ],
237 silly audit   '@babel/plugin-transform-class-properties': [ '7.28.6', '7.27.1' ],
237 silly audit   '@babel/plugin-transform-class-static-block': [ '7.28.6' ],
237 silly audit   '@babel/plugin-transform-classes': [ '7.28.6', '7.28.4' ],
237 silly audit   '@babel/plugin-transform-computed-properties': [ '7.28.6' ],
237 silly audit   '@babel/plugin-transform-destructuring': [ '7.28.5' ],
237 silly audit   '@babel/plugin-transform-export-namespace-from': [ '7.27.1' ],
237 silly audit   '@babel/plugin-transform-flow-strip-types': [ '7.27.1' ],
237 silly audit   '@babel/plugin-transform-for-of': [ '7.27.1' ],
237 silly audit   '@babel/plugin-transform-function-name': [ '7.27.1' ],
237 silly audit   '@babel/plugin-transform-literals': [ '7.27.1' ],
237 silly audit   '@babel/plugin-transform-logical-assignment-operators': [ '7.28.6' ],
237 silly audit   '@babel/plugin-transform-modules-commonjs': [ '7.28.6' ],
237 silly audit   '@babel/plugin-transform-named-capturing-groups-regex': [ '7.29.0' ],
237 silly audit   '@babel/plugin-transform-nullish-coalescing-operator': [ '7.28.6', '7.27.1' ],
237 silly audit   '@babel/plugin-transform-numeric-separator': [ '7.28.6' ],
237 silly audit   '@babel/plugin-transform-object-rest-spread': [ '7.28.6' ],
237 silly audit   '@babel/plugin-transform-optional-catch-binding': [ '7.28.6' ],
237 silly audit   '@babel/plugin-transform-optional-chaining': [ '7.28.6', '7.27.1' ],
237 silly audit   '@babel/plugin-transform-parameters': [ '7.27.7' ],
237 silly audit   '@babel/plugin-transform-private-methods': [ '7.28.6' ],
237 silly audit   '@babel/plugin-transform-private-property-in-object': [ '7.28.6' ],
237 silly audit   '@babel/plugin-transform-react-display-name': [ '7.28.0' ],
237 silly audit   '@babel/plugin-transform-react-jsx': [ '7.28.6' ],
237 silly audit   '@babel/plugin-transform-react-jsx-development': [ '7.27.1' ],
237 silly audit   '@babel/plugin-transform-react-jsx-self': [ '7.27.1' ],
237 silly audit   '@babel/plugin-transform-react-jsx-source': [ '7.27.1' ],
237 silly audit   '@babel/plugin-transform-react-pure-annotations': [ '7.27.1' ],
237 silly audit   '@babel/plugin-transform-regenerator': [ '7.29.0' ],
237 silly audit   '@babel/plugin-transform-runtime': [ '7.29.0' ],
237 silly audit   '@babel/plugin-transform-shorthand-properties': [ '7.27.1' ],
237 silly audit   '@babel/plugin-transform-spread': [ '7.28.6' ],
237 silly audit   '@babel/plugin-transform-sticky-regex': [ '7.27.1' ],
237 silly audit   '@babel/plugin-transform-template-literals': [ '7.27.1' ],
237 silly audit   '@babel/plugin-transform-typescript': [ '7.28.6' ],
237 silly audit   '@babel/plugin-transform-unicode-regex': [ '7.27.1' ],
237 silly audit   '@babel/preset-react': [ '7.28.5' ],
237 silly audit   '@babel/preset-typescript': [ '7.27.1' ],
237 silly audit   '@babel/runtime': [ '7.29.2' ],
237 silly audit   '@babel/template': [ '7.28.6' ],
237 silly audit   '@babel/traverse': [ '7.29.0' ],
237 silly audit   '@babel/types': [ '7.29.0' ],
237 silly audit   '@callstack/react-theme-provider': [ '3.0.9' ],
237 silly audit   deepmerge: [ '3.3.0', '4.3.1' ],
237 silly audit   '@egjs/hammerjs': [ '2.0.17' ],
237 silly audit   '@expo/code-signing-certificates': [ '0.0.6' ],
237 silly audit   '@expo/config': [ '55.0.15' ],
237 silly audit   '@expo/config-plugins': [ '55.0.8' ],
237 silly audit   semver: [ '7.7.4', '7.7.3', '6.3.1' ],
237 silly audit   '@expo/config-types': [ '55.0.5' ],
237 silly audit   '@expo/devcert': [ '1.2.1' ],
237 silly audit   debug: [ '3.2.7', '2.6.9', '4.4.3' ],
237 silly audit   '@expo/devtools': [ '55.0.2' ],
237 silly audit   '@expo/env': [ '2.1.1' ],
237 silly audit   '@expo/fingerprint': [ '0.16.6' ],
237 silly audit   '@expo/image-utils': [ '0.8.13' ],
237 silly audit   '@expo/json-file': [ '10.0.13' ],
237 silly audit   '@expo/local-build-cache-provider': [ '55.0.11' ],
237 silly audit   '@expo/metro': [ '55.0.0' ],
237 silly audit   '@expo/ngrok': [ '4.1.3' ],
237 silly audit   '@expo/ngrok-bin': [ '2.3.42' ],
237 silly audit   '@expo/ngrok-bin-darwin-arm64': [ '2.3.41' ],
237 silly audit   '@expo/ngrok-bin-darwin-x64': [ '2.3.41' ],
237 silly audit   '@expo/ngrok-bin-freebsd-ia32': [ '2.3.41' ],
237 silly audit   '@expo/ngrok-bin-freebsd-x64': [ '2.3.41' ],
237 silly audit   '@expo/ngrok-bin-linux-arm': [ '2.3.41' ],
237 silly audit   '@expo/ngrok-bin-linux-arm64': [ '2.3.41' ],
237 silly audit   '@expo/ngrok-bin-linux-ia32': [ '2.3.41' ],
237 silly audit   '@expo/ngrok-bin-linux-x64': [ '2.3.41' ],
237 silly audit   '@expo/ngrok-bin-sunos-x64': [ '2.3.41' ],
237 silly audit   '@expo/ngrok-bin-win32-ia32': [ '2.3.41' ],
237 silly audit   '@expo/ngrok-bin-win32-x64': [ '2.3.41' ],
237 silly audit   '@expo/osascript': [ '2.4.2' ],
237 silly audit   '@expo/package-manager': [ '1.10.4' ],
237 silly audit   '@expo/plist': [ '0.5.2' ],
237 silly audit   '@expo/require-utils': [ '55.0.4' ],
237 silly audit   '@expo/schema-utils': [ '55.0.3' ],
237 silly audit   '@expo/sdk-runtime-versions': [ '1.0.0' ],
237 silly audit   '@expo/spawn-async': [ '1.7.2' ],
237 silly audit   '@expo/sudo-prompt': [ '9.3.2' ],
237 silly audit   '@expo/ws-tunnel': [ '1.0.6' ],
237 silly audit   '@expo/xcpretty': [ '4.4.3' ],
237 silly audit   argparse: [ '2.0.1', '1.0.10' ],
237 silly audit   'js-yaml': [ '4.1.1', '3.14.2' ],
237 silly audit   '@firebase/ai': [ '2.11.0' ],
237 silly audit   '@firebase/analytics': [ '0.10.21' ],
237 silly audit   '@firebase/analytics-compat': [ '0.2.27' ],
237 silly audit   '@firebase/analytics-types': [ '0.8.3' ],
237 silly audit   '@firebase/app': [ '0.14.11' ],
237 silly audit   '@firebase/app-check': [ '0.11.2' ],
237 silly audit   '@firebase/app-check-compat': [ '0.4.2' ],
237 silly audit   '@firebase/app-check-interop-types': [ '0.3.3' ],
237 silly audit   '@firebase/app-check-types': [ '0.5.3' ],
237 silly audit   '@firebase/app-compat': [ '0.5.11' ],
237 silly audit   '@firebase/app-types': [ '0.9.4' ],
237 silly audit   '@firebase/auth': [ '1.13.0' ],
237 silly audit   '@firebase/auth-compat': [ '0.6.5' ],
237 silly audit   '@firebase/auth-interop-types': [ '0.2.4' ],
237 silly audit   '@firebase/auth-types': [ '0.13.0' ],
237 silly audit   '@firebase/component': [ '0.7.2' ],
237 silly audit   '@firebase/data-connect': [ '0.6.0' ],
237 silly audit   '@firebase/database': [ '1.1.2' ],
237 silly audit   '@firebase/database-compat': [ '2.1.3' ],
237 silly audit   '@firebase/database-types': [ '1.0.19' ],
237 silly audit   '@firebase/firestore': [ '4.14.0' ],
237 silly audit   '@firebase/firestore-compat': [ '0.4.8' ],
237 silly audit   '@firebase/firestore-types': [ '3.0.3' ],
237 silly audit   '@firebase/functions': [ '0.13.3' ],
237 silly audit   '@firebase/functions-compat': [ '0.4.3' ],
237 silly audit   '@firebase/functions-types': [ '0.6.3' ],
237 silly audit   '@firebase/installations': [ '0.6.21' ],
237 silly audit   '@firebase/installations-compat': [ '0.2.21' ],
237 silly audit   '@firebase/installations-types': [ '0.5.3' ],
237 silly audit   '@firebase/logger': [ '0.5.0' ],
237 silly audit   '@firebase/messaging': [ '0.12.25' ],
237 silly audit   '@firebase/messaging-compat': [ '0.2.25' ],
237 silly audit   '@firebase/messaging-interop-types': [ '0.2.3' ],
237 silly audit   '@firebase/performance': [ '0.7.11' ],
237 silly audit   '@firebase/performance-compat': [ '0.2.24' ],
237 silly audit   '@firebase/performance-types': [ '0.2.3' ],
237 silly audit   '@firebase/remote-config': [ '0.8.2' ],
237 silly audit   '@firebase/remote-config-compat': [ '0.2.23' ],
237 silly audit   '@firebase/remote-config-types': [ '0.5.0' ],
237 silly audit   '@firebase/storage': [ '0.14.2' ],
237 silly audit   '@firebase/storage-compat': [ '0.4.2' ],
237 silly audit   '@firebase/storage-types': [ '0.8.3' ],
237 silly audit   '@firebase/util': [ '1.15.0' ],
237 silly audit   '@firebase/webchannel-wrapper': [ '1.0.5' ],
237 silly audit   '@grpc/grpc-js': [ '1.9.15' ],
237 silly audit   '@grpc/proto-loader': [ '0.7.15' ],
237 silly audit   '@isaacs/ttlcache': [ '1.4.1' ],
237 silly audit   '@istanbuljs/load-nyc-config': [ '1.1.0' ],
237 silly audit   camelcase: [ '5.3.1', '6.3.0' ],
237 silly audit   'find-up': [ '4.1.0', '7.0.0' ],
237 silly audit   'locate-path': [ '5.0.0', '7.2.0' ],
237 silly audit   'p-limit': [ '2.3.0', '4.0.0' ],
237 silly audit   'p-locate': [ '4.1.0', '6.0.0' ],
237 silly audit   'path-exists': [ '4.0.0', '5.0.0' ],
237 silly audit   '@istanbuljs/schema': [ '0.1.6' ],
237 silly audit   '@jest/create-cache-key-function': [ '29.7.0' ],
237 silly audit   '@jest/environment': [ '29.7.0' ],
237 silly audit   '@jest/fake-timers': [ '29.7.0' ],
237 silly audit   '@jest/schemas': [ '29.6.3' ],
237 silly audit   '@jest/transform': [ '29.7.0' ],
237 silly audit   '@jest/types': [ '29.6.3' ],
237 silly audit   '@jridgewell/gen-mapping': [ '0.3.13' ],
237 silly audit   '@jridgewell/remapping': [ '2.3.5' ],
237 silly audit   '@jridgewell/resolve-uri': [ '3.1.2' ],
237 silly audit   '@jridgewell/source-map': [ '0.3.11' ],
237 silly audit   '@jridgewell/sourcemap-codec': [ '1.5.5' ],
237 silly audit   '@jridgewell/trace-mapping': [ '0.3.31' ],
237 silly audit   '@protobufjs/aspromise': [ '1.1.2' ],
237 silly audit   '@protobufjs/base64': [ '1.1.2' ],
237 silly audit   '@protobufjs/codegen': [ '2.0.4' ],
237 silly audit   '@protobufjs/eventemitter': [ '1.1.0' ],
237 silly audit   '@protobufjs/fetch': [ '1.1.0' ],
237 silly audit   '@protobufjs/float': [ '1.0.2' ],
237 silly audit   '@protobufjs/inquire': [ '1.1.0' ],
237 silly audit   '@protobufjs/path': [ '1.1.2' ],
237 silly audit   '@protobufjs/pool': [ '1.1.0' ],
237 silly audit   '@protobufjs/utf8': [ '1.1.0' ],
237 silly audit   '@react-native-async-storage/async-storage': [ '2.2.0' ],
237 silly audit   '@react-native-community/datetimepicker': [ '8.6.0' ],
237 silly audit   '@react-native-picker/picker': [ '2.11.4' ],
237 silly audit   '@react-native-vector-icons/common': [ '12.4.2' ],
237 silly audit   '@react-native-vector-icons/fontawesome': [ '12.5.0' ],
237 silly audit   '@react-native/assets-registry': [ '0.83.4' ],
237 silly audit   '@react-native/community-cli-plugin': [ '0.83.4' ],
237 silly audit   '@react-native/debugger-frontend': [ '0.83.4' ],
237 silly audit   '@react-native/debugger-shell': [ '0.83.4' ],
237 silly audit   '@react-native/dev-middleware': [ '0.83.4' ],
237 silly audit   '@react-native/gradle-plugin': [ '0.83.4' ],
237 silly audit   '@react-native/normalize-colors': [ '0.83.4' ],
237 silly audit   '@react-navigation/core': [ '7.17.2' ],
237 silly audit   '@react-navigation/drawer': [ '7.9.8' ],
237 silly audit   '@react-navigation/elements': [ '2.9.14' ],
237 silly audit   '@react-navigation/native': [ '7.2.2' ],
237 silly audit   '@react-navigation/native-stack': [ '7.14.11' ],
237 silly audit   '@react-navigation/routers': [ '7.5.3' ],
237 silly audit   '@react-navigation/stack': [ '7.8.10' ],
237 silly audit   '@sinclair/typebox': [ '0.27.10' ],
237 silly audit   '@sindresorhus/is': [ '4.6.0' ],
237 silly audit   '@sinonjs/commons': [ '3.0.1' ],
237 silly audit   '@sinonjs/fake-timers': [ '10.3.0' ],
237 silly audit   '@szmarczak/http-timer': [ '4.0.6' ],
237 silly audit   '@types/babel__core': [ '7.20.5' ],
237 silly audit   '@types/babel__generator': [ '7.27.0' ],
237 silly audit   '@types/babel__template': [ '7.4.4' ],
237 silly audit   '@types/babel__traverse': [ '7.28.0' ],
237 silly audit   '@types/cacheable-request': [ '6.0.3' ],
237 silly audit   '@types/graceful-fs': [ '4.1.9' ],
237 silly audit   '@types/hammerjs': [ '2.0.46' ],
237 silly audit   '@types/http-cache-semantics': [ '4.2.0' ],
237 silly audit   '@types/istanbul-lib-coverage': [ '2.0.6' ],
237 silly audit   '@types/istanbul-lib-report': [ '3.0.3' ],
237 silly audit   '@types/istanbul-reports': [ '3.0.4' ],
237 silly audit   '@types/keyv': [ '3.1.4' ],
237 silly audit   '@types/node': [ '25.6.0' ],
237 silly audit   '@types/react': [ '19.2.14' ],
237 silly audit   '@types/responselike': [ '1.0.3' ],
237 silly audit   '@types/stack-utils': [ '2.0.3' ],
237 silly audit   '@types/yargs': [ '17.0.35' ],
237 silly audit   '@types/yargs-parser': [ '21.0.3' ],
237 silly audit   '@ungap/structured-clone': [ '1.3.0' ],
237 silly audit   '@xmldom/xmldom': [ '0.8.13' ],
237 silly audit   'abort-controller': [ '3.0.0' ],
237 silly audit   accepts: [ '2.0.0', '1.3.8' ],
237 silly audit   acorn: [ '8.16.0' ],
237 silly audit   'agent-base': [ '7.1.4' ],
237 silly audit   anser: [ '1.4.10' ],
237 silly audit   'ansi-escapes': [ '4.3.2' ],
237 silly audit   'type-fest': [ '0.21.3', '0.7.1' ],
237 silly audit   'ansi-regex': [ '5.0.1', '4.1.1' ],
237 silly audit   'ansi-styles': [ '4.3.0', '3.2.1', '5.2.0' ],
237 silly audit   anymatch: [ '3.1.3' ],
237 silly audit   arg: [ '5.0.2' ],
237 silly audit   asap: [ '2.0.6' ],
237 silly audit   'babel-jest': [ '29.7.0' ],
237 silly audit   'babel-plugin-istanbul': [ '6.1.1' ],
237 silly audit   'babel-plugin-jest-hoist': [ '29.6.3' ],
237 silly audit   'babel-plugin-polyfill-corejs2': [ '0.4.17' ],
237 silly audit   'babel-plugin-polyfill-corejs3': [ '0.13.0' ],
237 silly audit   'babel-plugin-polyfill-regenerator': [ '0.6.8' ],
237 silly audit   'babel-plugin-react-compiler': [ '1.0.0' ],
237 silly audit   'babel-plugin-react-native-web': [ '0.21.2' ],
237 silly audit   'babel-plugin-transform-flow-enums': [ '0.0.2' ],
237 silly audit   'babel-preset-current-node-syntax': [ '1.2.0' ],
237 silly audit   'babel-preset-jest': [ '29.6.3' ],
237 silly audit   'balanced-match': [ '4.0.4', '1.0.2' ],
237 silly audit   'base64-js': [ '1.5.1' ],
237 silly audit   'baseline-browser-mapping': [ '2.10.20' ],
237 silly audit   'better-opn': [ '3.0.2' ],
237 silly audit   open: [ '8.4.2', '7.4.2' ],
237 silly audit   'big-integer': [ '1.6.52' ],
237 silly audit   boolbase: [ '1.0.0' ],
237 silly audit   'bplist-creator': [ '0.1.0' ],
237 silly audit   'bplist-parser': [ '0.3.1' ],
237 silly audit   'brace-expansion': [ '5.0.5', '1.1.14' ],
237 silly audit   braces: [ '3.0.3' ],
237 silly audit   browserslist: [ '4.28.2' ],
237 silly audit   bser: [ '2.1.1' ],
237 silly audit   'buffer-from': [ '1.1.2' ],
237 silly audit   bytes: [ '3.1.2' ],
237 silly audit   'cacheable-lookup': [ '5.0.4' ],
237 silly audit   'cacheable-request': [ '7.0.4' ],
237 silly audit   'caniuse-lite': [ '1.0.30001788' ],
237 silly audit   chalk: [ '4.1.2', '2.4.2' ],
237 silly audit   'chrome-launcher': [ '0.15.2' ],
237 silly audit   'chromium-edge-launcher': [ '0.2.0' ],
237 silly audit   'ci-info': [ '2.0.0', '3.9.0' ],
237 silly audit   'cli-cursor': [ '2.1.0' ],
237 silly audit   'cli-spinners': [ '2.9.2' ],
237 silly audit   cliui: [ '8.0.1', '7.0.4' ],
237 silly audit   clone: [ '1.0.4' ],
237 silly audit   'clone-response': [ '1.0.3' ],
237 silly audit   color: [ '4.2.3', '3.2.1' ],
237 silly audit   'color-convert': [ '2.0.1', '1.9.3' ],
237 silly audit   'color-name': [ '1.1.4', '1.1.3' ],
237 silly audit   'color-string': [ '1.9.1' ],
237 silly audit   commander: [ '7.2.0', '12.1.0', '2.20.3' ],
237 silly audit   compressible: [ '2.0.18' ],
237 silly audit   compression: [ '1.8.1' ],
237 silly audit   ms: [ '2.0.0', '2.1.3' ],
237 silly audit   negotiator: [ '0.6.4', '0.6.3', '1.0.0' ],
237 silly audit   'concat-map': [ '0.0.1' ],
237 silly audit   connect: [ '3.7.0' ],
237 silly audit   'convert-source-map': [ '2.0.0' ],
237 silly audit   'core-js-compat': [ '3.49.0' ],
237 silly audit   'cross-spawn': [ '7.0.6' ],
237 silly audit   'css-select': [ '5.2.2' ],
237 silly audit   'css-tree': [ '1.1.3' ],
237 silly audit   'source-map': [ '0.6.1', '0.5.7' ],
237 silly audit   'css-what': [ '6.2.2' ],
237 silly audit   csstype: [ '3.2.3' ],
237 silly audit   'decode-uri-component': [ '0.2.2' ],
237 silly audit   'decompress-response': [ '6.0.0' ],
237 silly audit   'mimic-response': [ '3.1.0', '1.0.1' ],
237 silly audit   defaults: [ '1.0.4' ],
237 silly audit   'defer-to-connect': [ '2.0.1' ],
237 silly audit   'define-lazy-prop': [ '2.0.0' ],
237 silly audit   depd: [ '2.0.0' ],
237 silly audit   destroy: [ '1.2.0' ],
237 silly audit   'detect-libc': [ '2.1.2' ],
237 silly audit   'dnssd-advertise': [ '1.1.4' ],
237 silly audit   'dom-serializer': [ '2.0.0' ],
237 silly audit   domelementtype: [ '2.3.0' ],
237 silly audit   domhandler: [ '5.0.3' ],
237 silly audit   domutils: [ '3.2.2' ],
237 silly audit   'ee-first': [ '1.1.1' ],
237 silly audit   'electron-to-chromium': [ '1.5.340' ],
237 silly audit   'emoji-regex': [ '8.0.0' ],
237 silly audit   encodeurl: [ '1.0.2', '2.0.0' ],
237 silly audit   'end-of-stream': [ '1.4.5' ],
237 silly audit   entities: [ '4.5.0' ],
237 silly audit   'error-stack-parser': [ '2.1.4' ],
237 silly audit   'es-errors': [ '1.3.0' ],
237 silly audit   escalade: [ '3.2.0' ],
237 silly audit   'escape-html': [ '1.0.3' ],
237 silly audit   'escape-string-regexp': [ '4.0.0', '1.0.5', '2.0.0' ],
237 silly audit   esprima: [ '4.0.1' ],
237 silly audit   etag: [ '1.8.1' ],
237 silly audit   'event-target-shim': [ '5.0.1' ],
237 silly audit   expo: [ '55.0.15' ],
237 silly audit   'expo-image-loader': [ '55.0.0' ],
237 silly audit   'expo-image-picker': [ '55.0.18' ],
237 silly audit   'expo-linear-gradient': [ '55.0.13' ],
237 silly audit   'expo-modules-autolinking': [ '55.0.17' ],
237 silly audit   'expo-print': [ '55.0.13' ],
237 silly audit   'expo-server': [ '55.0.7' ],
237 silly audit   'expo-sharing': [ '55.0.18' ],
237 silly audit   'expo-status-bar': [ '55.0.5' ],
237 silly audit   '@expo/cli': [ '55.0.24' ],
237 silly audit   '@expo/prebuild-config': [ '55.0.15' ],
237 silly audit   '@expo/router-server': [ '55.0.14' ],
237 silly audit   '@expo/log-box': [ '55.0.10' ],
237 silly audit   '@expo/dom-webview': [ '55.0.5' ],
237 silly audit   '@expo/metro-config': [ '55.0.16' ],
237 silly audit   '@expo/vector-icons': [ '15.1.1' ],
237 silly audit   '@react-native/babel-plugin-codegen': [ '0.83.4' ],
237 silly audit   '@react-native/babel-preset': [ '0.83.4' ],
237 silly audit   'babel-plugin-syntax-hermes-parser': [ '0.32.0', '0.32.1' ],
237 silly audit   'hermes-estree': [ '0.32.0', '0.32.1', '0.33.3' ],
237 silly audit   'hermes-parser': [ '0.32.0', '0.32.1', '0.33.3' ],
237 silly audit   '@react-native/codegen': [ '0.83.4' ],
237 silly audit   glob: [ '7.2.3', '13.0.6' ],
237 silly audit   'babel-preset-expo': [ '55.0.17' ],
237 silly audit   'expo-asset': [ '55.0.15' ],
237 silly audit   'expo-constants': [ '55.0.14' ],
237 silly audit   'expo-file-system': [ '55.0.16' ],
237 silly audit   'expo-font': [ '55.0.6' ],
237 silly audit   'expo-keep-awake': [ '55.0.6' ],
237 silly audit   'expo-modules-core': [ '55.0.22' ],
237 silly audit   'mime-db': [ '1.52.0', '1.54.0' ],
237 silly audit   'mime-types': [ '2.1.35', '3.0.2' ],
237 silly audit   minimatch: [ '3.1.5', '10.2.5' ],
237 silly audit   picomatch: [ '4.0.4', '2.3.2' ],
237 silly audit   ws: [ '8.20.0', '7.5.10' ],
237 silly audit   'exponential-backoff': [ '3.1.3' ],
237 silly audit   'fast-deep-equal': [ '3.1.3' ],
237 silly audit   'fast-json-stable-stringify': [ '2.1.0' ],
237 silly audit   'faye-websocket': [ '0.11.4' ],
237 silly audit   'fb-dotslash': [ '0.5.8' ],
237 silly audit   'fb-watchman': [ '2.0.2' ],
237 silly audit   'fetch-nodeshim': [ '0.4.10' ],
237 silly audit   'fill-range': [ '7.1.1' ],
237 silly audit   'filter-obj': [ '1.1.0' ],
237 silly audit   finalhandler: [ '1.1.2' ],
237 silly audit   firebase: [ '12.12.0' ],
237 silly audit   'flow-enums-runtime': [ '0.0.6' ],
237 silly audit   fontfaceobserver: [ '2.3.0' ],
237 silly audit   fresh: [ '0.5.2' ],
237 silly audit   'fs.realpath': [ '1.0.0' ],
237 silly audit   fsevents: [ '2.3.3' ],
237 silly audit   'function-bind': [ '1.1.2' ],
237 silly audit   gensync: [ '1.0.0-beta.2' ],
237 silly audit   'get-caller-file': [ '2.0.5' ],
237 silly audit   'get-package-type': [ '0.1.0' ],
237 silly audit   'get-stream': [ '5.2.0' ],
237 silly audit   getenv: [ '2.0.0' ],
237 silly audit   got: [ '11.8.6' ],
237 silly audit   'graceful-fs': [ '4.2.11' ],
237 silly audit   'has-flag': [ '4.0.0', '3.0.0' ],
237 silly audit   hasown: [ '2.0.3' ],
237 silly audit   'hermes-compiler': [ '0.14.1' ],
237 silly audit   'hoist-non-react-statics': [ '3.3.2' ],
237 silly audit   'react-is': [ '16.13.1', '18.3.1', '19.2.5' ],
237 silly audit   'hosted-git-info': [ '7.0.2' ],
237 silly audit   'lru-cache': [ '10.4.3', '5.1.1', '11.3.5' ],
237 silly audit   'http-cache-semantics': [ '4.2.0' ],
237 silly audit   'http-errors': [ '2.0.1' ],
237 silly audit   statuses: [ '2.0.2', '1.5.0' ],
237 silly audit   'http-parser-js': [ '0.5.10' ],
237 silly audit   'http2-wrapper': [ '1.0.3' ],
237 silly audit   'https-proxy-agent': [ '7.0.6' ],
237 silly audit   idb: [ '7.1.1' ],
237 silly audit   ignore: [ '5.3.2' ],
237 silly audit   'image-size': [ '1.2.1' ],
237 silly audit   imurmurhash: [ '0.1.4' ],
237 silly audit   inflight: [ '1.0.6' ],
237 silly audit   inherits: [ '2.0.4' ],
237 silly audit   invariant: [ '2.2.4' ],
237 silly audit   'is-arrayish': [ '0.3.4' ],
237 silly audit   'is-core-module': [ '2.16.1' ],
237 silly audit   'is-docker': [ '2.2.1' ],
237 silly audit   'is-fullwidth-code-point': [ '3.0.0' ],
237 silly audit   'is-number': [ '7.0.0' ],
237 silly audit   'is-plain-obj': [ '2.1.0' ],
237 silly audit   'is-wsl': [ '2.2.0' ],
237 silly audit   isexe: [ '2.0.0' ],
237 silly audit   'istanbul-lib-coverage': [ '3.2.2' ],
237 silly audit   'istanbul-lib-instrument': [ '5.2.1' ],
237 silly audit   'jest-environment-node': [ '29.7.0' ],
237 silly audit   'jest-get-type': [ '29.6.3' ],
237 silly audit   'jest-haste-map': [ '29.7.0' ],
237 silly audit   'jest-message-util': [ '29.7.0' ],
237 silly audit   'jest-mock': [ '29.7.0' ],
237 silly audit   'jest-regex-util': [ '29.6.3' ],
237 silly audit   'jest-util': [ '29.7.0' ],
237 silly audit   'jest-validate': [ '29.7.0' ],
237 silly audit   'jest-worker': [ '29.7.0' ],
237 silly audit   'supports-color': [ '8.1.1', '5.5.0', '7.2.0' ],
237 silly audit   'jimp-compact': [ '0.16.1' ],
237 silly audit   'js-tokens': [ '4.0.0' ],
237 silly audit   'jsc-safe-url': [ '0.2.4' ],
237 silly audit   jsesc: [ '3.1.0' ],
237 silly audit   'json-buffer': [ '3.0.1' ],
237 silly audit   json5: [ '2.2.3' ],
237 silly audit   keyv: [ '4.5.4' ],
237 silly audit   kleur: [ '3.0.3' ],
237 silly audit   'lan-network': [ '0.2.1' ],
237 silly audit   leven: [ '3.1.0' ],
237 silly audit   'lighthouse-logger': [ '1.4.2' ],
237 silly audit   lightningcss: [ '1.32.0' ],
237 silly audit   'lightningcss-android-arm64': [ '1.32.0' ],
237 silly audit   'lightningcss-darwin-arm64': [ '1.32.0' ],
237 silly audit   'lightningcss-darwin-x64': [ '1.32.0' ],
237 silly audit   'lightningcss-freebsd-x64': [ '1.32.0' ],
237 silly audit   'lightningcss-linux-arm-gnueabihf': [ '1.32.0' ],
237 silly audit   'lightningcss-linux-arm64-gnu': [ '1.32.0' ],
237 silly audit   'lightningcss-linux-arm64-musl': [ '1.32.0' ],
237 silly audit   'lightningcss-linux-x64-gnu': [ '1.32.0' ],
237 silly audit   'lightningcss-linux-x64-musl': [ '1.32.0' ],
237 silly audit   'lightningcss-win32-arm64-msvc': [ '1.32.0' ],
237 silly audit   'lightningcss-win32-x64-msvc': [ '1.32.0' ],
237 silly audit   lodash: [ '4.18.1' ],
237 silly audit   'lodash.camelcase': [ '4.3.0' ],
237 silly audit   'lodash.debounce': [ '4.0.8' ],
237 silly audit   'lodash.throttle': [ '4.1.1' ],
237 silly audit   'log-symbols': [ '2.2.0' ],
237 silly audit   long: [ '5.3.2' ],
237 silly audit   'loose-envify': [ '1.4.0' ],
237 silly audit   'lowercase-keys': [ '2.0.0' ],
237 silly audit   'lucide-react-native': [ '0.555.0' ],
237 silly audit   makeerror: [ '1.0.12' ],
237 silly audit   marky: [ '1.3.0' ],
237 silly audit   'mdn-data': [ '2.0.14' ],
237 silly audit   'memoize-one': [ '5.2.1' ],
237 silly audit   'merge-options': [ '3.0.4' ],
237 silly audit   'merge-stream': [ '2.0.0' ],
237 silly audit   metro: [ '0.83.5' ],
237 silly audit   'metro-babel-transformer': [ '0.83.5' ],
237 silly audit   'metro-cache': [ '0.83.5' ],
237 silly audit   'metro-cache-key': [ '0.83.5' ],
237 silly audit   'metro-config': [ '0.83.5' ],
237 silly audit   yaml: [ '2.8.3', '1.10.3' ],
237 silly audit   'metro-core': [ '0.83.5' ],
237 silly audit   'metro-file-map': [ '0.83.5' ],
237 silly audit   'metro-minify-terser': [ '0.83.5' ],
237 silly audit   'metro-resolver': [ '0.83.5' ],
237 silly audit   'metro-runtime': [ '0.83.5' ],
237 silly audit   'metro-source-map': [ '0.83.5' ],
237 silly audit   'metro-symbolicate': [ '0.83.5' ],
237 silly audit   'metro-transform-plugins': [ '0.83.5' ],
237 silly audit   'metro-transform-worker': [ '0.83.5' ],
237 silly audit   micromatch: [ '4.0.8' ],
237 silly audit   mime: [ '1.6.0' ],
237 silly audit   'mimic-fn': [ '1.2.0' ],
237 silly audit   minipass: [ '7.1.3' ],
237 silly audit   mkdirp: [ '1.0.4' ],
237 silly audit   multitars: [ '0.2.5' ],
237 silly audit   nanoid: [ '3.3.11' ],
237 silly audit   'node-forge': [ '1.4.0' ],
237 silly audit   'node-int64': [ '0.4.0' ],
237 silly audit   'node-releases': [ '2.0.37' ],
237 silly audit   'normalize-path': [ '3.0.0' ],
237 silly audit   'normalize-url': [ '6.1.0' ],
237 silly audit   'npm-package-arg': [ '11.0.3' ],
237 silly audit   'nth-check': [ '2.1.1' ],
237 silly audit   nullthrows: [ '1.1.1' ],
237 silly audit   ob1: [ '0.83.5' ],
237 silly audit   'object-assign': [ '4.1.1' ],
237 silly audit   'on-finished': [ '2.3.0', '2.4.1' ],
237 silly audit   'on-headers': [ '1.1.0' ],
237 silly audit   once: [ '1.4.0' ],
237 silly audit   onetime: [ '2.0.1' ],
237 silly audit   ora: [ '3.4.0' ],
237 silly audit   'strip-ansi': [ '5.2.0', '6.0.1' ],
237 silly audit   'p-cancelable': [ '2.1.1' ],
237 silly audit   'p-try': [ '2.2.0' ],
237 silly audit   'parse-png': [ '2.1.0' ],
237 silly audit   parseurl: [ '1.3.3' ],
237 silly audit   'path-is-absolute': [ '1.0.1' ],
237 silly audit   'path-key': [ '3.1.1' ],
237 silly audit   'path-parse': [ '1.0.7' ],
237 silly audit   'path-scurry': [ '2.0.2' ],
237 silly audit   'paths-js': [ '0.4.11' ],
237 silly audit   picocolors: [ '1.1.1' ],
237 silly audit   pirates: [ '4.0.7' ],
237 silly audit   plist: [ '3.1.0' ],
237 silly audit   pngjs: [ '3.4.0' ],
237 silly audit   'point-in-polygon': [ '1.1.0' ],
237 silly audit   postcss: [ '8.4.49' ],
237 silly audit   'pretty-format': [ '29.7.0' ],
237 silly audit   'proc-log': [ '4.2.0' ],
237 silly audit   progress: [ '2.0.3' ],
237 silly audit   promise: [ '8.3.0' ],
237 silly audit   prompts: [ '2.4.2' ],
237 silly audit   'prop-types': [ '15.8.1' ],
237 silly audit   protobufjs: [ '7.5.5' ],
237 silly audit   pump: [ '3.0.4' ],
237 silly audit   'query-string': [ '7.1.3' ],
237 silly audit   queue: [ '6.0.2' ],
237 silly audit   'quick-lru': [ '5.1.1' ],
237 silly audit   'range-parser': [ '1.2.1' ],
237 silly audit   react: [ '19.2.0' ],
237 silly audit   'react-devtools-core': [ '6.1.5' ],
237 silly audit   'react-freeze': [ '1.0.4' ],
237 silly audit   'react-native': [ '0.83.4' ],
237 silly audit   'react-native-accordion-list-view': [ '2.0.3' ],
237 silly audit   'react-native-chart-kit': [ '6.12.0' ],
237 silly audit   'react-native-drawer-layout': [ '4.2.2' ],
237 silly audit   'react-native-gesture-handler': [ '2.30.1' ],
237 silly audit   'react-native-is-edge-to-edge': [ '1.3.1', '1.2.1' ],
237 silly audit   'react-native-modal-datetime-picker': [ '18.0.0' ],
237 silly audit   'react-native-paper': [ '5.15.1' ],
237 silly audit   'react-native-reanimated': [ '4.2.1' ],
237 silly audit   'react-native-safe-area-context': [ '5.6.2' ],
237 silly audit   'react-native-screens': [ '4.23.0' ],
237 silly audit   'react-native-svg': [ '15.15.3' ],
237 silly audit   'react-native-vector-icons': [ '10.3.0' ],
237 silly audit   yargs: [ '16.2.0', '17.7.2' ],
237 silly audit   'yargs-parser': [ '20.2.9', '21.1.1' ],
237 silly audit   'react-native-worklets': [ '0.7.2' ],
237 silly audit   '@react-native/js-polyfills': [ '0.83.4' ],
237 silly audit   '@react-native/virtualized-lists': [ '0.83.4' ],
237 silly audit   'react-refresh': [ '0.14.2' ],
237 silly audit   regenerate: [ '1.4.2' ],
237 silly audit   'regenerate-unicode-properties': [ '10.2.2' ],
237 silly audit   'regenerator-runtime': [ '0.13.11' ],
237 silly audit   'regexpu-core': [ '6.4.0' ],
237 silly audit   regjsgen: [ '0.8.0' ],
237 silly audit   regjsparser: [ '0.13.1' ],
237 silly audit   'require-directory': [ '2.1.1' ],
237 silly audit   resolve: [ '1.22.12' ],
237 silly audit   'resolve-alpn': [ '1.2.1' ],
237 silly audit   'resolve-from': [ '5.0.0' ],
237 silly audit   'resolve-workspace-root': [ '2.0.1' ],
237 silly audit   responselike: [ '2.0.1' ],
237 silly audit   'restore-cursor': [ '2.0.0' ],
237 silly audit   rimraf: [ '3.0.2' ],
237 silly audit   'safe-buffer': [ '5.2.1' ],
237 silly audit   sax: [ '1.6.0' ],
237 silly audit   scheduler: [ '0.27.0' ],
237 silly audit   send: [ '0.19.2' ],
237 silly audit   'serialize-error': [ '2.1.0' ],
237 silly audit   'serve-static': [ '1.16.3' ],
237 silly audit   setprototypeof: [ '1.2.0' ],
237 silly audit   'sf-symbols-typescript': [ '2.2.0' ],
237 silly audit   'shebang-command': [ '2.0.0' ],
237 silly audit   'shebang-regex': [ '3.0.0' ],
237 silly audit   'shell-quote': [ '1.8.3' ],
237 silly audit   'signal-exit': [ '3.0.7' ],
237 silly audit   'simple-plist': [ '1.3.1' ],
237 silly audit   'simple-swizzle': [ '0.2.4' ],
237 silly audit   sisteransi: [ '1.0.5' ],
237 silly audit   slash: [ '3.0.0' ],
237 silly audit   slugify: [ '1.6.9' ],
237 silly audit   'source-map-js': [ '1.2.1' ],
237 silly audit   'source-map-support': [ '0.5.21' ],
237 silly audit   'split-on-first': [ '1.1.0' ],
237 silly audit   'sprintf-js': [ '1.0.3' ],
237 silly audit   'stack-utils': [ '2.0.6' ],
237 silly audit   stackframe: [ '1.3.4' ],
237 silly audit   'stacktrace-parser': [ '0.1.11' ],
237 silly audit   'stream-buffers': [ '2.2.0' ],
237 silly audit   'strict-uri-encode': [ '2.0.0' ],
237 silly audit   'string-width': [ '4.2.3' ],
237 silly audit   'structured-headers': [ '0.4.1' ],
237 silly audit   'supports-hyperlinks': [ '2.3.0' ],
237 silly audit   'supports-preserve-symlinks-flag': [ '1.0.0' ],
237 silly audit   'terminal-link': [ '2.1.1' ],
237 silly audit   terser: [ '5.46.1' ],
237 silly audit   'test-exclude': [ '6.0.0' ],
237 silly audit   throat: [ '5.0.0' ],
237 silly audit   tmpl: [ '1.0.5' ],
237 silly audit   'to-regex-range': [ '5.0.1' ],
237 silly audit   toidentifier: [ '1.0.1' ],
237 silly audit   toqr: [ '0.1.1' ],
237 silly audit   tslib: [ '2.8.1' ],
237 silly audit   'type-detect': [ '4.0.8' ],
237 silly audit   typescript: [ '5.9.3' ],
237 silly audit   'undici-types': [ '7.19.2' ],
237 silly audit   'unicode-canonical-property-names-ecmascript': [ '2.0.1' ],
237 silly audit   'unicode-match-property-ecmascript': [ '2.0.0' ],
237 silly audit   'unicode-match-property-value-ecmascript': [ '2.2.1' ],
237 silly audit   'unicode-property-aliases-ecmascript': [ '2.2.0' ],
237 silly audit   'unicorn-magic': [ '0.1.0' ],
237 silly audit   unpipe: [ '1.0.0' ],
237 silly audit   'update-browserslist-db': [ '1.2.3' ],
237 silly audit   'use-latest-callback': [ '0.2.6' ],
237 silly audit   'use-sync-external-store': [ '1.6.0' ],
237 silly audit   'utils-merge': [ '1.0.1' ],
237 silly audit   uuid: [ '3.4.0', '7.0.3' ],
237 silly audit   'validate-npm-package-name': [ '5.0.1' ],
237 silly audit   vary: [ '1.1.2' ],
237 silly audit   vlq: [ '1.0.1' ],
237 silly audit   walker: [ '1.0.8' ],
237 silly audit   'warn-once': [ '0.1.1' ],
237 silly audit   wcwidth: [ '1.0.1' ],
237 silly audit   'web-vitals': [ '4.2.4' ],
237 silly audit   'websocket-driver': [ '0.7.4' ],
237 silly audit   'websocket-extensions': [ '0.1.4' ],
237 silly audit   'whatwg-fetch': [ '3.6.20' ],
237 silly audit   'whatwg-url-minimum': [ '0.1.1' ],
237 silly audit   which: [ '2.0.2' ],
237 silly audit   'wrap-ansi': [ '7.0.0' ],
237 silly audit   wrappy: [ '1.0.2' ],
237 silly audit   'write-file-atomic': [ '4.0.2' ],
237 silly audit   xcode: [ '3.0.1' ],
237 silly audit   xml2js: [ '0.6.0' ],
237 silly audit   xmlbuilder: [ '11.0.1', '15.1.1' ],
237 silly audit   y18n: [ '5.0.8' ],
237 silly audit   yallist: [ '3.1.1' ],
237 silly audit   'yocto-queue': [ '1.2.2' ],
237 silly audit   zod: [ '3.25.76' ]
237 silly audit }
238 http cache expo-font@https://registry.npmjs.org/expo-font/-/expo-font-55.0.6.tgz 0ms (cache hit)
239 http cache @expo/vector-icons@https://registry.npmjs.org/@expo/vector-icons/-/vector-icons-15.1.1.tgz 0ms (cache hit)
240 silly tarball no local data for expo-font@https://registry.npmjs.org/expo-font/-/expo-font-55.0.6.tgz. Extracting by manifest.
241 silly tarball no local data for @expo/vector-icons@https://registry.npmjs.org/@expo/vector-icons/-/vector-icons-15.1.1.tgz. Extracting by manifest.
242 http fetch POST 200 https://registry.npmjs.org/-/npm/v1/security/advisories/bulk 283ms
243 silly audit report {}
244 http fetch GET 200 https://registry.npmjs.org/expo-font/-/expo-font-55.0.6.tgz 506ms (cache miss)
245 http fetch GET 200 https://registry.npmjs.org/@expo/vector-icons/-/vector-icons-15.1.1.tgz 1256ms (cache miss)
246 silly ADD node_modules/expo-font
247 silly ADD node_modules/@expo/vector-icons
248 silly REMOVE node_modules/expo/node_modules/expo-font
249 silly REMOVE node_modules/expo/node_modules/@expo/vector-icons
250 verbose cwd C:\Users\Usuário\Downloads\app-pai\Trabalho-rota
251 verbose os Windows_NT 10.0.26200
252 verbose node v24.14.0
253 verbose npm  v11.9.0
254 notice
254 notice New minor version of npm available! 11.9.0 -> 11.12.1
254 notice Changelog: https://github.com/npm/cli/releases/tag/v11.12.1
254 notice To update run: npm install -g npm@11.12.1
254 notice  { force: true, Symbol(proc-log.meta): true }
255 verbose exit 0
256 info ok
